// Jest Snapshot v1, https://goo.gl/fbAQLP

exports[`<App /> Renders correctly 1`] = `ShallowWrapper {}`;

exports[`<App /> renders correctly 1`] = `
<div
  className="container pb-5"
>
  <br />
  <br />
  <h1
    style={
      Object {
        "textAlign": "center",
      }
    }
  >
    My Quarantine Random Thoughts
  </h1>
  <br />
  <br />
  <img
    alt="logo"
    className="logo-img"
    src="logo-img.jpeg"
  />
  <hr />
</div>
`;
