// Jest Snapshot v1, https://goo.gl/fbAQLP

exports[`<Create /> Renders correctly 1`] = `ShallowWrapper {}`;
