// Jest Snapshot v1, https://goo.gl/fbAQLP

exports[`<Nav /> Renders correctly 1`] = `ShallowWrapper {}`;
